TODO:filename:-1: Type error: type mismatch;
  found   : 'ok'
  required: 1
there is no solution that satisfies subtype constraints
